20:41:37 - logging_config - INFO - logger: 13 - Hello
20:41:56 - logging_config - INFO - logger: 13 - Hello
20:42:38 - logging_config - INFO - logger: 13 - Hello
20:42:42 - logging_config - INFO - logger: 13 - Hello
20:45:52 - logging_config - INFO - logger: 13 - Hello
20:47:43 - logging_config - INFO - logger: 13 - Hello
20:48:31 - logging_config - INFO - logger: 13 - Hello
20:48:32 - 2774815383 - INFO - <cell line: 0>: 1 - Это тестовое сообщение после настройки логирования
20:48:58 - 1448058237 - INFO - <cell line: 0>: 1 - Это тестовое сообщение после настройки логирования
20:53:36 - logging_config - INFO - logger: 13 - Hello
20:53:38 - 1448058237 - INFO - <cell line: 0>: 1 - Это тестовое сообщение после настройки логирования
20:53:42 - 1827589456 - INFO - <cell line: 0>: 3 - обращаемся к главной странице
20:53:54 - 2760596466 - INFO - <cell line: 0>: 2 - забираем и смотрим страничку теперь
20:54:01 - 475979171 - INFO - <cell line: 0>: 3 - смотрим на все ссылочки
20:54:06 - 2005155159 - INFO - <cell line: 0>: 3 - смотрим на все ссылочки
20:54:16 - 255475539 - INFO - <cell line: 0>: 11 - оставим только нужное
20:54:16 - 255475539 - INFO - <cell line: 0>: 12 - ['/employers/26161', '/employers/25921', '/employers/26069', '/employers/26002', '/employers/25931', '/employers/25908', '/employers/25607', '/employers/56818', '/employers/258089', '/employers/25879', '/employers/37011', '/employers/2672030', '/employers/25920', '/employers/56859', '/employers/26091', '/employers/26156', '/employers/6424', '/employers/46157', '/employers/25924', '/employers/25918', '/employers/6690', '/employers/25946', '/employers/25596', '/employers/26066', '/employers/25704', '/employers/58994', '/employers/25583', '/employers/37657', '/employers/25947', '/employers/25903', '/employers/286960', '/employers/26011', '/employers/26029', '/employers/25930', '/employers/93692', '/employers/26028', '/employers/104847']
20:54:21 - 1362029716 - INFO - <cell line: 0>: 5 - посмотрим на одну карточку
20:54:33 - 308528686 - INFO - <cell line: 0>: 4 - посмотрим в карточке другую инфу
20:55:06 - utils - INFO - _init_num_threads: 164 - NumExpr defaulting to 2 threads.
20:55:09 - 340817331 - INFO - <cell line: 0>: 15 - добавили запись о компании
20:55:11 - 340817331 - INFO - <cell line: 0>: 15 - добавили запись о компании
20:55:12 - 340817331 - INFO - <cell line: 0>: 15 - добавили запись о компании
20:55:14 - 340817331 - INFO - <cell line: 0>: 15 - добавили запись о компании
20:55:16 - 340817331 - INFO - <cell line: 0>: 15 - добавили запись о компании
20:55:17 - 340817331 - INFO - <cell line: 0>: 15 - добавили запись о компании
20:55:19 - 340817331 - INFO - <cell line: 0>: 15 - добавили запись о компании
20:55:20 - 340817331 - INFO - <cell line: 0>: 15 - добавили запись о компании
20:55:21 - 340817331 - INFO - <cell line: 0>: 15 - добавили запись о компании
20:55:23 - 340817331 - INFO - <cell line: 0>: 15 - добавили запись о компании
20:55:23 - 340817331 - INFO - <cell line: 0>: 21 - собрали в датасете всю инфу
20:55:23 - 340817331 - INFO - <cell line: 0>: 23 - сделали выгрузку в эксельку
20:55:44 - 3538863235 - INFO - <cell line: 0>: 15 - добавили запись о компании
20:55:45 - 3538863235 - INFO - <cell line: 0>: 15 - добавили запись о компании
20:55:47 - 3538863235 - INFO - <cell line: 0>: 15 - добавили запись о компании
20:55:48 - 3538863235 - INFO - <cell line: 0>: 15 - добавили запись о компании
20:55:50 - 3538863235 - INFO - <cell line: 0>: 15 - добавили запись о компании
20:55:51 - 3538863235 - INFO - <cell line: 0>: 15 - добавили запись о компании
20:55:53 - 3538863235 - INFO - <cell line: 0>: 15 - добавили запись о компании
20:55:54 - 3538863235 - INFO - <cell line: 0>: 15 - добавили запись о компании
20:55:56 - 3538863235 - INFO - <cell line: 0>: 15 - добавили запись о компании
20:55:57 - 3538863235 - INFO - <cell line: 0>: 15 - добавили запись о компании
20:55:57 - 3538863235 - INFO - <cell line: 0>: 21 - собрали в датасете всю инфу
20:55:57 - 3538863235 - INFO - <cell line: 0>: 23 - сделали выгрузку в эксельку
20:56:15 - 251265687 - INFO - <cell line: 0>: 15 - добавили запись о компании
20:56:17 - 251265687 - INFO - <cell line: 0>: 15 - добавили запись о компании
20:56:18 - 251265687 - INFO - <cell line: 0>: 15 - добавили запись о компании
20:56:20 - 251265687 - INFO - <cell line: 0>: 15 - добавили запись о компании
20:56:22 - 251265687 - INFO - <cell line: 0>: 15 - добавили запись о компании
20:56:23 - 251265687 - INFO - <cell line: 0>: 15 - добавили запись о компании
20:56:24 - 251265687 - INFO - <cell line: 0>: 15 - добавили запись о компании
20:56:26 - 251265687 - INFO - <cell line: 0>: 15 - добавили запись о компании
20:56:27 - 251265687 - INFO - <cell line: 0>: 15 - добавили запись о компании
20:56:28 - 251265687 - INFO - <cell line: 0>: 15 - добавили запись о компании
20:56:28 - 251265687 - INFO - <cell line: 0>: 21 - собрали в датасете всю инфу
20:56:28 - 251265687 - INFO - <cell line: 0>: 23 - сделали выгрузку в эксельку
20:56:50 - 2880843121 - INFO - <cell line: 0>: 15 - добавили запись о компании
20:56:51 - 2880843121 - INFO - <cell line: 0>: 15 - добавили запись о компании
20:56:53 - 2880843121 - INFO - <cell line: 0>: 15 - добавили запись о компании
20:56:54 - 2880843121 - INFO - <cell line: 0>: 15 - добавили запись о компании
20:56:56 - 2880843121 - INFO - <cell line: 0>: 15 - добавили запись о компании
20:56:57 - 2880843121 - INFO - <cell line: 0>: 15 - добавили запись о компании
20:56:59 - 2880843121 - INFO - <cell line: 0>: 15 - добавили запись о компании
20:57:00 - 2880843121 - INFO - <cell line: 0>: 15 - добавили запись о компании
20:57:02 - 2880843121 - INFO - <cell line: 0>: 15 - добавили запись о компании
20:57:03 - 2880843121 - INFO - <cell line: 0>: 15 - добавили запись о компании
20:57:03 - 2880843121 - INFO - <cell line: 0>: 21 - собрали в датасете всю инфу
20:57:03 - 2880843121 - INFO - <cell line: 0>: 23 - сделали выгрузку в эксельку
